
Running 2 tests using 1 worker

(node:18412) Warning: The 'NO_COLOR' env is ignored due to the 'FORCE_COLOR' env being set.
(Use `node --trace-warnings ...` to show where the warning was created)
  ok 1 [Mobile Chrome (Pixel 5)] › tests\mobile-device.spec.ts:9:7 › Mobile Device Experience › 1. Verify public dashboard responsiveness & touch targets on mobile (1.6s)
  x  2 [Mobile Chrome (Pixel 5)] › tests\mobile-device.spec.ts:37:7 › Mobile Device Experience › 2. Verify mobile offline status banner and PWA readiness (29.9s)


  1) [Mobile Chrome (Pixel 5)] › tests\mobile-device.spec.ts:37:7 › Mobile Device Experience › 2. Verify mobile offline status banner and PWA readiness 

    Error: expect(received).toBe(expected) // Object.is equality

    Expected: true
    Received: false

    Call Log:
    - Timeout 30000ms exceeded while waiting on the predicate

      55 |         { timeout: 30_000 },
      56 |       )
    > 57 |       .toBe(true);
         |        ^
      58 |     await page.reload();
      59 |     await expect
      60 |       .poll(() => page.evaluate(() => Boolean(navigator.serviceWorker.controller)))
        at E:\Hackathons\disaster management\disaster-response-platform\tests\mobile-device.spec.ts:57:8

    Error Context: test-results\mobile-device-Mobile-Devic-267c1-us-banner-and-PWA-readiness-Mobile-Chrome-Pixel-5-\error-context.md

  1 failed
    [Mobile Chrome (Pixel 5)] › tests\mobile-device.spec.ts:37:7 › Mobile Device Experience › 2. Verify mobile offline status banner and PWA readiness 
  1 passed (36.2s)
