
Running 2 tests using 1 worker

(node:22192) Warning: The 'NO_COLOR' env is ignored due to the 'FORCE_COLOR' env being set.
(Use `node --trace-warnings ...` to show where the warning was created)
  ok 1 [Mobile Chrome (Pixel 5)] › tests\mobile-device.spec.ts:9:7 › Mobile Device Experience › 1. Verify public dashboard responsiveness & touch targets on mobile (610ms)
  x  2 [Mobile Chrome (Pixel 5)] › tests\mobile-device.spec.ts:37:7 › Mobile Device Experience › 2. Verify mobile offline status banner and PWA readiness (5.1s)


  1) [Mobile Chrome (Pixel 5)] › tests\mobile-device.spec.ts:37:7 › Mobile Device Experience › 2. Verify mobile offline status banner and PWA readiness 

    Error: expect(received).toBe(expected) // Object.is equality

    Expected: false
    Received: true

      70 |       page.getByRole("heading", { name: /safety status unavailable|offline/i }).first(),
      71 |     ).toBeVisible();
    > 72 |     expect(await page.evaluate(() => navigator.onLine)).toBe(false);
         |                                                         ^
      73 |
      74 |     // Reconnect
      75 |     await context.setOffline(false);
        at E:\Hackathons\disaster management\disaster-response-platform\tests\mobile-device.spec.ts:72:57

    Error Context: test-results\mobile-device-Mobile-Devic-267c1-us-banner-and-PWA-readiness-Mobile-Chrome-Pixel-5-\error-context.md

  1 failed
    [Mobile Chrome (Pixel 5)] › tests\mobile-device.spec.ts:37:7 › Mobile Device Experience › 2. Verify mobile offline status banner and PWA readiness 
  1 passed (6.8s)
