
Running 2 tests using 1 worker

(node:12752) Warning: The 'NO_COLOR' env is ignored due to the 'FORCE_COLOR' env being set.
(Use `node --trace-warnings ...` to show where the warning was created)
  x  1 [Mobile Chrome (Pixel 5)] › tests\mobile-device.spec.ts:9:7 › Mobile Device Experience › 1. Verify public dashboard responsiveness & touch targets on mobile (6.2s)
(node:18112) Warning: The 'NO_COLOR' env is ignored due to the 'FORCE_COLOR' env being set.
(Use `node --trace-warnings ...` to show where the warning was created)
  x  2 [Mobile Chrome (Pixel 5)] › tests\mobile-device.spec.ts:32:7 › Mobile Device Experience › 2. Verify mobile offline status banner and PWA readiness (6.7s)


  1) [Mobile Chrome (Pixel 5)] › tests\mobile-device.spec.ts:9:7 › Mobile Device Experience › 1. Verify public dashboard responsiveness & touch targets on mobile 

    Error: expect(locator).toBeVisible() failed

    Locator:  locator('nav').filter({ hasText: /Home|Alerts|Map|SOS/i }).first()
    Expected: visible
    Received: hidden
    Timeout:  5000ms

    Call log:
      - Expect "toBeVisible" with timeout 5000ms
      - waiting for locator('nav').filter({ hasText: /Home|Alerts|Map|SOS/i }).first()
        13 × locator resolved to <nav aria-label="Citizen navigation" class="flex flex-1 flex-col gap-1">…</nav>
           - unexpected value "hidden"


      17 |     // Bottom navigation visible on mobile
      18 |     const bottomNav = page.locator("nav").filter({ hasText: /Home|Alerts|Map|SOS/i }).first();
    > 19 |     await expect(bottomNav).toBeVisible();
         |                             ^
      20 |
      21 |     // Check touch target heights (must be at least 44px)
      22 |     const sosTab = page.getByRole("button", { name: /SOS/i }).or(page.getByText("SOS")).first();
        at E:\Hackathons\disaster management\disaster-response-platform\tests\mobile-device.spec.ts:19:29

    Error Context: test-results\mobile-device-Mobile-Devic-3ddb8-ess-touch-targets-on-mobile-Mobile-Chrome-Pixel-5-\error-context.md

  2) [Mobile Chrome (Pixel 5)] › tests\mobile-device.spec.ts:32:7 › Mobile Device Experience › 2. Verify mobile offline status banner and PWA readiness 

    Error: page.goto: net::ERR_INTERNET_DISCONNECTED at http://localhost:3000/public/dashboard
    Call log:
      - navigating to "http://localhost:3000/public/dashboard", waiting until "load"


      41 |     // Simulate going offline on mobile device
      42 |     await context.setOffline(true);
    > 43 |     await page.goto("/public/dashboard");
         |                ^
      44 |
      45 |     // Banner or status should indicate offline mode
      46 |     await expect(
        at E:\Hackathons\disaster management\disaster-response-platform\tests\mobile-device.spec.ts:43:16

    Error Context: test-results\mobile-device-Mobile-Devic-267c1-us-banner-and-PWA-readiness-Mobile-Chrome-Pixel-5-\error-context.md

  2 failed
    [Mobile Chrome (Pixel 5)] › tests\mobile-device.spec.ts:9:7 › Mobile Device Experience › 1. Verify public dashboard responsiveness & touch targets on mobile 
    [Mobile Chrome (Pixel 5)] › tests\mobile-device.spec.ts:32:7 › Mobile Device Experience › 2. Verify mobile offline status banner and PWA readiness 
